Copyright 1986-2018 Xilinx, Inc. All Rights Reserved.
------------------------------------------------------------------------------------
| Tool Version : Vivado v.2018.3 (win64) Build 2405991 Thu Dec  6 23:38:27 MST 2018
| Date         : Wed Mar 17 14:05:25 2021
| Host         : MISTEK running 64-bit major release  (build 9200)
| Command      : report_control_sets -verbose -file lab2_control_sets_placed.rpt
| Design       : lab2
| Device       : xc7a100t
------------------------------------------------------------------------------------

Control Set Information

Table of Contents
-----------------
1. Summary
2. Histogram
3. Flip-Flop Distribution
4. Detailed Control Set Information

1. Summary
----------

+----------------------------------------------------------+-------+
|                          Status                          | Count |
+----------------------------------------------------------+-------+
| Number of unique control sets                            |     5 |
| Unused register locations in slices containing registers |    20 |
+----------------------------------------------------------+-------+


2. Histogram
------------

+--------+--------------+
| Fanout | Control Sets |
+--------+--------------+
|      4 |            2 |
|      5 |            1 |
|    16+ |            2 |
+--------+--------------+


3. Flip-Flop Distribution
-------------------------

+--------------+-----------------------+------------------------+-----------------+--------------+
| Clock Enable | Synchronous Set/Reset | Asynchronous Set/Reset | Total Registers | Total Slices |
+--------------+-----------------------+------------------------+-----------------+--------------+
| No           | No                    | No                     |               5 |            3 |
| No           | No                    | Yes                    |               0 |            0 |
| No           | Yes                   | No                     |              20 |            5 |
| Yes          | No                    | No                     |               0 |            0 |
| Yes          | No                    | Yes                    |               0 |            0 |
| Yes          | Yes                   | No                     |              35 |           11 |
+--------------+-----------------------+------------------------+-----------------+--------------+


4. Detailed Control Set Information
-----------------------------------

+----------------+----------------------------+----------------------------+------------------+----------------+
|  Clock Signal  |        Enable Signal       |      Set/Reset Signal      | Slice Load Count | Bel Load Count |
+----------------+----------------------------+----------------------------+------------------+----------------+
|  clk_IBUF_BUFG | TIME_COUNTER/c0[3]_i_2_n_0 | TIME_COUNTER/c0[3]_i_1_n_0 |                2 |              4 |
|  clk_IBUF_BUFG | TIME_COUNTER/c2[3]_i_1_n_0 | reset_IBUF                 |                2 |              4 |
|  clk_IBUF_BUFG |                            |                            |                3 |              5 |
|  clk_IBUF_BUFG |                            | SEVEN_CONTROL/clear        |                5 |             20 |
|  clk_IBUF_BUFG | TIME_COUNTER/NS[1]         | reset_IBUF                 |                7 |             27 |
+----------------+----------------------------+----------------------------+------------------+----------------+


